---
source: crates/codeapp-tui/tests/snapshot_tests.rs
expression: view
---
"▎ Refactor TUI layout and split into modules                                           │Refactor TUI layout             "
"                                                                                       │ses_abcdef123                   "
"I'll help you organize the TUI crate with a persistent rail and separate dialog        │                                "
"column.                                                                                │PLAN                 1/4 · 40% ▸"
"                                                                                       │AGENTS                       5 ●"
"▣ Read_file crates/codeapp-tui/src/layout.rs ok 0.1s                                   │● main  thinking · 400ms        "
"  │ pub fn compute(area: Rect) -> ScreenLayout...                                      │  ○ codegen  1m47s              "
"                                                                                       │  ○ tester  23.0s               "
"                                                                                       │  ✓ indexer  400ms              "
"                                                                                       │▸ ✓ parser                      "
"                                                                                       │    parsed syntax trees         "
"                                                                                       │    400ms · ↓ 8.5k              "
"                                                                                       │                                "
"                                                                                       │                                "
"                                                                                       │                                "
"                                                                                       │                                "
"                                                                                       │                                "
"                                                                                       │                                "
"                                                                                       │                                "
"                                                                                       │                                "
"                                                                                       │                                "
"                                                                                       │                                "
"                                                                                       │                                "
"                                                                                       │                                "
"                                                                                       │                                "
"                                                                                       │                                "
"                                                                                       │                                "
"                                                                                       │                                "
"[  C • • • • • • • • • ] thinking… · 400ms                                             │                                "
"────────────────────────────────────────────────────────────────────────────────────── │BACKGROUND                  1 ◍ "
"❯                                                                                      │◍ cargo test --all 214/380      "
"────────────────────────────────────────────────────────────────────────────────────── │      ~/zed/codeapp:master      "
"Build · Claude 3 7 Sonnet | high /effort                                        /model │       • codeapp 0.1.0-dev      "
"▸▸ parser 4/5 · enter open · alt+b follow · esc clear                                  │                                "
