---
source: crates/codeapp-tui/tests/snapshot_tests.rs
expression: view
---
"▎ Refactor TUI layout and split into modules                                           │Refactor TUI layout             "
"                                                                                       │ses_abcdef123                   "
"I'll help ┌ Background Tasks ───────────────────────────────────────────────┐og column.│                                "
"          │▸ ✓ cargo build --release 3m02s                                  │          │PLAN                   1/4 · 40%"
"▣ Read_fil│  ✗ npm run lint 0.1s                                            │          │[✓] Read codebase & analyze arc…"
"  │ pub fn│  ✓ tsc --noEmit 12s                                             │          │[•] Implement TUI layout & widg…"
"          │  ◍ cargo test --all 214/380                                     │          │    ▰▰▰▰▰▱▱▱ 60%                "
"          │                                                                 │          │[ ] Add key bindings & event lo…"
"          │                                                                 │          │[ ] Write unit tests & snapshot…"
"          │                                                                 │          │AGENTS                       5 ●"
"          │                                                                 │          │● main  думает · 0.4s           "
"          │                                                                 │          │○ codegen                       "
"          │                                                                 │          │  writing ui/rail.rs            "
"          │                                                                 │          │  1m47s · ↓ 9.1k                "
"          │                                                                 │          │○ tester                        "
"          │                                                                 │          │  cargo test -p codeapp-tui     "
"          │                                                                 │          │  23s · ↓ 4.2k                  "
"          │                                                                 │          │✓ indexer                       "
"          │                                                                 │          │  scanned 142 files             "
"          │                                                                 │          │  0.4s · ↓ 12.0k                "
"          │                                                                 │          │✓ parser                        "
"          │                                                                 │          │  parsed syntax trees           "
"          │                                                                 │          │  0.4s · ↓ 8.5k                 "
"          │                                                                 │          │                                "
"          │                                                                 │          │                                "
"          │                                                                 │          │                                "
"          └ enter open · k kill · esc close ────────────────────────────────┘          │                                "
"                                                                                       │BACKGROUND           1 ◍ 2 ✓ 1 ✗"
"                                                                                       │✓ cargo build --release 3m02s   "
"───────────────────────────────────────────────────────────────────────────────────────│✗ npm run lint 3 err            "
"❯                                                                                      │✓ tsc --noEmit 12s              "
"───────────────────────────────────────────────────────────────────────────────────────│◍ cargo test --all 214/380      "
"Build · Claude 3 7 Sonnet | high /effort                                         /model│~/zed/codeapp:master            "
"▸▸ 1 bg running · 1 failed · enter вывод · k убить · esc                               │• codeapp 0.1.0-dev             "
