---
source: crates/codeapp-tui/tests/snapshot_tests.rs
expression: view
---
"▎ Refactor TUI layout and split into  │▸ codegen · 1m47s                               │Refactor TUI layout             "
"▎ modules                             │writing ui/rail.rs · ↓ 9.1k                     │ses_abcdef123                   "
"                                      │                                                │                                "
"I'll help you organize the TUI crate  │▎ Update rail.rs with new layout                │PLAN                   1/4 · 40%"
"with a persistent rail and separate   │                                                │[✓] Read codebase & analyze arc…"
"dialog column.                        │Here is the diff for rail rendering.            │[•] Implement TUI layout & widg…"
"                                      │                                                │    ▰▰▰▰▰▱▱▱ 60%                "
"▣ Read_file crates/codeapp-tui/src/lay│▣ Edit_file crates/codeapp-tui/src/ui/rail.rs + │[ ] Add key bindings & event lo…"
"  │ pub fn compute(area: Rect) -> Scr…│  │ --- a/rail.rs                               │[ ] Write unit tests & snapshot…"
"                                      │  │ +++ b/rail.rs                               │AGENTS                       5 ●"
"                                      │  │ @@ -10,3 +10,5 @@                           │● main  thinking · 400ms        "
"                                      │  │ +use ratatui::Frame;                        │○ codegen                       "
"                                      │  │ -old_code();                                │  writing ui/rail.rs            "
"                                      │  │ +new_code();                                │  1m47s · ↓ 9.1k                "
"                                      │                                                │○ tester                        "
"                                      │                                                │  cargo test -p codeapp-tui     "
"                                      │                                                │  23.0s · ↓ 4.2k                "
"                                      │                                                │✓ indexer                       "
"                                      │                                                │  scanned 142 files             "
"                                      │                                                │  400ms · ↓ 12.0k               "
"                                      │                                                │✓ parser                        "
"                                      │                                                │  parsed syntax trees           "
"                                      │                                                │  400ms · ↓ 8.5k                "
"                                      │                                                │                                "
"                                      │                                                │                                "
"                                      │                                                │                                "
"                                      │                                                │                                "
"                                      │                                                │                                "
"[  C • • • • • • • • • ] thinking… · …│                                                │                                "
"────────────────────────────────────────────────────────────────────────────────────── │BACKGROUND                  1 ◍ "
"❯                                                                                      │◍ cargo test --all 214/380      "
"────────────────────────────────────────────────────────────────────────────────────── │      ~/zed/codeapp:master      "
"Build · Claude 3 7 Sonnet | high /effort                                        /model │       • codeapp 0.1.0-dev      "
"▸▸ codegen · esc back · alt+b follow · s stop                                          │                                "
