---
source: crates/codeapp-tui/tests/snapshot_tests.rs
expression: view
---
"▎ Refactor TUI layout and split into modules                                           │Refactor TUI layout             "
"                                                                                       │ses_abcdef123                   "
"I'll help you organize the TUI crate with a persistent rail and separate dialog column.│                                "
"                                                                                       │PLAN                   1/4 · 40%"
"▣ Read_file crates/codeapp-tui/src/layout.rs ok 0.1s                                   │[✓] Read codebase & analyze arc…"
"  │ pub fn compute(area: Rect) -> ScreenLayout...                                      │[•] Implement TUI layout & widg…"
"                                                                                       │    ▰▰▰▰▰▱▱▱ 60%                "
"                                                                                       │[ ] Add key bindings & event lo…"
"                                                                                       │[ ] Write unit tests & snapshot…"
"                                                                                       │AGENTS                       5 ●"
"                                                                                       │● main  думает · 0.4s           "
"                                                                                       │○ codegen                       "
"                                                                                       │  writing ui/rail.rs            "
"                                                                                       │  1m47s · ↓ 9.1k                "
"                                                                                       │○ tester                        "
"                                                                                       │  cargo test -p codeapp-tui     "
"                                                                                       │  23s · ↓ 4.2k                  "
"                                                                                       │✓ indexer                       "
"                                                                                       │  scanned 142 files             "
"                                                                                       │  0.4s · ↓ 12.0k                "
"                                                                                       │✓ parser                        "
"                                                                                       │  parsed syntax trees           "
"                                                                                       │  0.4s · ↓ 8.5k                 "
"                                                                                       │                                "
"                                                                                       │                                "
"                                                                                       │                                "
"                                                                                       │                                "
"                                                                                       │                                "
"                                                                                       │                                "
"───────────────────────────────────────────────────────────────────────────────────────│                                "
"❯                                                                                      │BACKGROUND                  1 ◍ "
"───────────────────────────────────────────────────────────────────────────────────────│◍ cargo test --all 214/380      "
"Build · Claude 3 7 Sonnet | high /effort                                         /model│~/zed/codeapp:master            "
"▸▸ ask before edits and commands · ← 5 agents · 1 bg                     10.7K · ctrl+p│• codeapp 0.1.0-dev             "
