---
source: crates/codeapp-tui/tests/snapshot_tests.rs
expression: view
---
"▎ Refactor TUI layout and split into modules                                           │Refactor TUI layout             "
"                                                                                       │ses_abcdef123                   "
"I'll help you organize the TUI crate with a persistent rail and separate dialog column.│                                "
"                                                                                       │PLAN                 1/4 · 40% ▸"
"▣ Read_file crates/codeapp-tui/src/layout.rs ok 0.1s                                   │AGENTS                       5 ●"
"  │ pub fn compute(area: Rect) -> ScreenLayout...                                      │● main  думает · 0.4s           "
"                                                                                       │  ○ codegen  1m47s              "
"                                                                                       │  ○ tester  23s                 "
"                                                                                       │  ✓ indexer  0.4s               "
"                                                                                       │▸ ✓ parser                      "
"                                                                                       │    parsed syntax trees         "
"                                                                                       │    0.4s · ↓ 8.5k               "
"                                                                                       │                                "
"                                                                                       │                                "
"                                                                                       │                                "
"                                                                                       │                                "
"                                                                                       │                                "
"                                                                                       │                                "
"                                                                                       │                                "
"                                                                                       │                                "
"                                                                                       │                                "
"                                                                                       │                                "
"                                                                                       │                                "
"                                                                                       │                                "
"                                                                                       │                                "
"                                                                                       │                                "
"                                                                                       │                                "
"                                                                                       │                                "
"                                                                                       │                                "
"───────────────────────────────────────────────────────────────────────────────────────│                                "
"❯                                                                                      │BACKGROUND                  1 ◍ "
"───────────────────────────────────────────────────────────────────────────────────────│◍ cargo test --all 214/380      "
"Build · Claude 3 7 Sonnet | high /effort                                         /model│~/zed/codeapp:master            "
"▸▸ parser 4/5 · enter открыть · alt+b follow · esc снять                               │• codeapp 0.1.0-dev             "
