---
source: crates/codeapp-tui/tests/snapshot_tests.rs
expression: view
---
"▎ Refactor TUI layout and split into modules       │Refactor TUI layout         "
"                                                   │ses_abcdef123               "
"I'll help you organize the TUI crate with a        │                            "
"persistent rail and separate dialog column.        │PLAN               1/4 · 40%"
"                                                   │[✓] Read codebase & analyze…"
"▣ Read_file crates/codeapp-tui/src/layout.rs ok 0. │[•] Implement TUI layout & …"
"  │ pub fn compute(area: Rect) -> ScreenLayout...  │    ▰▰▰▰▰▱▱▱ 60%            "
"                                                   │[ ] Add key bindings & even…"
"                                                   │[ ] Write unit tests & snap…"
"                                                   │AGENTS                   5 ●"
"                                                   │● main  думает · 400ms      "
"                                                   │○ codegen  1m47s            "
"                                                   │○ tester  23.0s             "
"                                                   │✓ indexer  400ms            "
"                                                   │✓ parser  400ms             "
"                                                   │                            "
"                                                   │                            "
"                                                   │                            "
"[- C ● ● ● ● ● ● ● ● ● ] думает… · 400ms           │                            "
"────────────────────────────────────────────────── │BACKGROUND              1 ◍ "
"❯                                                  │◍ cargo test --all 214/380  "
"────────────────────────────────────────────────── │    ~/zed/codeapp:master    "
"Build · Claude 3 7 Sonnet | high /effort    /model │     • codeapp 0.1.0-dev    "
"▸▸ ask before edits and commands    10.7K · ctrl+p │                            "
