---
source: crates/codeapp-tui/tests/snapshot_tests.rs
expression: view
---
"▎ Refactor TUI layout and split into modules                                           │Refactor TUI layout             "
"                                                                                       │ses_abcdef123                   "
"I'll help you organize the TUI crate with a persistent rail and separate dialog column.│                                "
"                                                                                       │PLAN                 1/4 · 40% ▸"
"▣ Read_file crates/codeapp-tui/src/layout.rs ok 0.1s                                   │AGENTS                       5 ●"
"  │ pub fn compute(area: Rect) -> ScreenLayout...                                      │● main  думает · 400ms          "
"                                                                                       │  ○ codegen  1m47s              "
"                                                                                       │  ○ tester  23.0s               "
"                                                                                       │  ✓ indexer  400ms              "
"                                                                                       │▸ ✓ parser                      "
"                                                                                       │    parsed syntax trees         "
"                                                                                       │    400ms · ↓ 8.5k              "
"                                                                                       │                                "
"                                                                                       │                                "
"                                                                                       │                                "
"                                                                                       │                                "
"                                                                                       │                                "
"                                                                                       │                                "
"                                                                                       │                                "
"                                                                                       │                                "
"                                                                                       │                                "
"                                                                                       │                                "
"                                                                                       │                                "
"                                                                                       │                                "
"                                                                                       │                                "
"                                                                                       │                                "
"                                                                                       │                                "
"                                                                                       │                                "
"[- C ● ● ● ● ● ● ● ● ● ] думает… · 400ms                                               │                                "
"───────────────────────────────────────────────────────────────────────────────────────│                                "
"❯                                                                                      │BACKGROUND                  1 ◍ "
"───────────────────────────────────────────────────────────────────────────────────────│◍ cargo test --all 214/380      "
"Build · Claude 3 7 Sonnet | high /effort                                         /model│~/zed/codeapp:master            "
"▸▸ parser 4/5 · enter открыть · alt+b follow · esc снять                               │• codeapp 0.1.0-dev             "
