---
source: crates/codeapp-tui/tests/snapshot_tests.rs
expression: view
---
"▎ Refactor TUI layout and split into modules                                           │Refactor TUI layout             "
"                                                                                       │ses_abcdef123                   "
"I'll help┌ Background Tasks ───────────────────────────────────────────────┐log        │                                "
"column.  │▸ ✓ cargo build --release 3m02s                                  │           │PLAN                   1/4 · 40%"
"         │  ✗ npm run lint 100ms                                           │           │[✓] Read codebase & analyze arc…"
"▣ Read_fi│  ✓ tsc --noEmit 12.0s                                           │           │[•] Implement TUI layout & widg…"
"  │ pub f│  ◍ cargo test --all 214/380                                     │           │    ▰▰▰▰▰▱▱▱ 60%                "
"         │                                                                 │           │[ ] Add key bindings & event lo…"
"         │                                                                 │           │[ ] Write unit tests & snapshot…"
"         │                                                                 │           │AGENTS                       5 ●"
"         │                                                                 │           │● main  thinking · 400ms        "
"         │                                                                 │           │○ codegen                       "
"         │                                                                 │           │  writing ui/rail.rs            "
"         │                                                                 │           │  1m47s · ↓ 9.1k                "
"         │                                                                 │           │○ tester                        "
"         │                                                                 │           │  cargo test -p codeapp-tui     "
"         │                                                                 │           │  23.0s · ↓ 4.2k                "
"         │                                                                 │           │✓ indexer                       "
"         │                                                                 │           │  scanned 142 files             "
"         │                                                                 │           │  400ms · ↓ 12.0k               "
"         │                                                                 │           │✓ parser                        "
"         │                                                                 │           │  parsed syntax trees           "
"         │                                                                 │           │  400ms · ↓ 8.5k                "
"         │                                                                 │           │                                "
"         │                                                                 │           │                                "
"         │                                                                 │           │                                "
"         └ enter open · k kill · esc close ────────────────────────────────┘           │BACKGROUND           1 ◍ 2 ✓ 1 ✗"
"                                                                                       │✓ cargo build --release 3m02s   "
"[  C • • • • • • • • • ] thinking… · 400ms                                             │✗ npm run lint 3 err            "
"────────────────────────────────────────────────────────────────────────────────────── │✓ tsc --noEmit 12.0s            "
"❯                                                                                      │◍ cargo test --all 214/380      "
"────────────────────────────────────────────────────────────────────────────────────── │      ~/zed/codeapp:master      "
"Build · Claude 3 7 Sonnet | high /effort                                        /model │       • codeapp 0.1.0-dev      "
"▸▸ 1 bg running · 1 failed · enter output · k kill · esc                               │                                "
