---
source: crates/pacode-tui/tests/snapshot_tests.rs
expression: view
---
"pacode v0.1.0-dev                     │▸ codegen · 1m47s                               │Refactor TUI layout             "
"made by tridtsat                      │writing ui/rail.rs · ↓ 9.1k                     │ses_abcdef123                   "
"                                      │                                                │                                "
"▎ Refactor TUI layout and split into  │▎ Update rail.rs with new layout                │PLAN                   1/4 · 40%"
"▎ modules                             │                                                │[✓] Read codebase & analyze arc…"
"                                      │Here is the diff for rail rendering.            │[•] Implement TUI layout & widg…"
"I'll help you organize the TUI crate  │                                                │    ▰▰▰▰▰▱▱▱ 60%                "
"with a persistent rail and separate   │▣ Edit_file crates/pacode-tui/src/ui/rail.rs +6 │[ ] Add key bindings & event lo…"
"dialog column.                        │  │ --- a/rail.rs                               │[ ] Write unit tests & snapshot…"
"                                      │  │ +++ b/rail.rs                               │AGENTS                       5 ●"
"▣ Read_file crates/pacode-tui/src/layo│  │ @@ -10,3 +10,5 @@                           │● main  thinking… · 0s          "
"  │ pub fn compute(area: Rect) -> Scr…│  │ +use ratatui::Frame;                        │○ codegen                       "
"                                      │  │ -old_code();                                │  writing ui/rail.rs            "
"                                      │  │ +new_code();                                │  1m47s · ↓ 9.1k                "
"                                      │                                                │○ tester                        "
"                                      │                                                │  cargo test -p pacode-tui      "
"                                      │                                                │  23s · ↓ 4.2k                  "
"                                      │                                                │✓ indexer                       "
"                                      │                                                │  scanned 142 files             "
"                                      │                                                │  400ms · ↓ 12.0k               "
"                                      │                                                │✓ parser                        "
"                                      │                                                │  parsed syntax trees           "
"                                      │                                                │  400ms · ↓ 8.5k                "
"                                      │                                                │                                "
"                                      │                                                │                                "
"                                      │                                                │                                "
"                                      │                                                │                                "
"                                      │                                                │                                "
"[  C • • • • • • • • • ] thinking… · …│                                                │                                "
"────────────────────────────────────────────────────────────────────────────────────── │BACKGROUND                  1 ◍ "
"❯                                                                                      │◍ cargo test --all 214/380      "
"────────────────────────────────────────────────────────────────────────────────────── │       ~/zed/pacode:master      "
"Build · Claude 3 7 Sonnet | high /effort                                        /model │                                "
"» codegen · esc back · alt+b follow · s stop                                           │                                "
