---
source: crates/pacode-tui/tests/snapshot_tests.rs
assertion_line: 564
expression: view
---
"  ▄▄▀▀▀▀▀▀▄▄                                                                           │Refactor TUI layout             "
"▄▀▀▀▀▀▀▀▀▀▀▀▀                                                                          │ses_abcdef123                   "
"▀▀▀▀▀▀▀▀▀╭ Background Tasks ───────────────────────────────────────────────╮the ghosts │                                "
"▀▀▀▀▀▀▀▀▀│▸ ✓ cargo build --release                                        │           │PLAN                   1/4 · 40%"
"▀▀▀▀▀▀▀▀▀│    done · 3m02s                                                 │           │[✓] Read codebase & analyze arc…"
"  ▀▀▀▀▀▀▀│  ✗ npm run lint                                                 │           │[•] Implement TUI layout & widg…"
"         │    failed · 100ms · 3 err · exit 1                              │           │    ▰▰▰▰▰▱▱▱ 60%                "
"▎ Refacto│  ✓ tsc --noEmit                                                 │           │[ ] Add key bindings & event lo…"
"         │    done · 12s                                                   │           │[ ] Write unit tests & snapshot…"
"I'll help│  ◍ cargo test --all                                             │log        │AGENTS                       5 ●"
"column.  │    running · 3m34s · 214/380                                    │           │● main  thinking. · 0s          "
"         ╰ enter open · k kill · esc close ────────────────────────────────╯           │○ codegen                       "
"▣ Read_file crates/pacode-tui/src/layout.rs ok 120ms                                   │  writing ui/rail.rs            "
"  │ pub fn compute(area: Rect) -> ScreenLayout...                                      │  1m47s · ↓ 9.1k                "
"                                                                                       │○ tester                        "
"                                                                                       │  cargo test -p pacode-tui      "
"                                                                                       │  23s · ↓ 4.2k                  "
"                                                                                       │✓ indexer                       "
"                                                                                       │  scanned 142 files             "
"                                                                                       │  400ms · ↓ 12.0k               "
"                                                                                       │✓ parser                        "
"                                                                                       │  parsed syntax trees           "
"                                                                                       │  400ms · ↓ 8.5k                "
"                                                                                       │                                "
"                                                                                       │                                "
"                                                                                       │                                "
"                                                                                       │BACKGROUND           1 ◍ 2 ✓ 1 ✗"
"                                                                                       │✓ cargo build --release 3m02s   "
"[  C • • • • • • • • • ] thinking. · 0s                                                │✗ npm run lint 3 err            "
"────────────────────────────────────────────────────────────────────────────────────── │✓ tsc --noEmit 12s              "
"❯                                                                                      │◍ cargo test --all 214/380      "
"────────────────────────────────────────────────────────────────────────────────────── │       ~/zed/pacode:master      "
"Build · Claude 3 7 Sonnet | high /effort                                        /model │                                "
"» 1 bg running · 1 failed · enter output · k kill · esc                                │                                "
