---
source: crates/pacode-tui/tests/snapshot_tests.rs
expression: view
---
"█ ▀ ██     claude-3-7-sonnet with high effort · anthropic   "
"███▀       /home/someone/zed/pacode                         "
" ▀▀▀▀▀                                                      "
"                                                            "
"Using claude-3-7-sonnet (from /home/someone/.config/pacode/c"
"                                                            "
"▎ Refactor TUI layout and split into modules                "
"                                                            "
"I'll help you organize the TUI crate with a persistent rail "
"and separate dialog column.                                 "
"                                                            "
"▣ Read_file crates/pacode-tui/src/layout.rs ok 120ms        "
"  │ pub fn compute(area: Rect) -> ScreenLayout...           "
"                                                            "
"[  C • • • • • • • • • ] thinking… · 400ms                  "
"────────────────────────────────────────────────────────────"
"❯                                                           "
"────────────────────────────────────────────────────────────"
"Build · Claude 3 7 Sonnet | high /effort              /model"
"» ask before edits and commands               10.7K · ctrl+p"
