---
source: crates/pacode-tui/tests/snapshot_tests.rs
expression: view
---
"▎ Refactor TUI layout and split into modules                       │Refactor TUI layout             "
"                                                                   │ses_abcdef123                   "
"I'll help you organize the TUI crate with a persistent rail and    │                                "
"separate dialog column.                                            │PLAN                   1/4 · 40%"
"                                                                   │[✓] Read codebase & analyze arc…"
"▣ Read_file crates/pacode-tui/src/layout.rs ok 0.1s               │[•] Implement TUI layout & widg…"
"  │ pub fn compute(area: Rect) -> ScreenLayout...                  │    ▰▰▰▰▰▱▱▱ 60%                "
"                                                                   │[ ] Add key bindings & event lo…"
"                                                                   │[ ] Write unit tests & snapshot…"
"                                                                   │AGENTS                       5 ●"
"                                                                   │● main  thinking · 400ms        "
"                                                                   │○ codegen                       "
"                                                                   │  writing ui/rail.rs            "
"                                                                   │  1m47s · ↓ 9.1k                "
"                                                                   │○ tester                        "
"                                                                   │  cargo test -p pacode-tui     "
"                                                                   │  23.0s · ↓ 4.2k                "
"                                                                   │✓ indexer                       "
"                                                                   │  scanned 142 files             "
"                                                                   │  400ms · ↓ 12.0k               "
"                                                                   │✓ parser                        "
"                                                                   │  parsed syntax trees           "
"                                                                   │  400ms · ↓ 8.5k                "
"                                                                   │                                "
"[  C • • • • • • • • • ] thinking… · 400ms                         │                                "
"────────────────────────────────────────────────────────────────── │BACKGROUND                  1 ◍ "
"❯                                                                  │◍ cargo test --all 214/380      "
"────────────────────────────────────────────────────────────────── │      ~/zed/pacode:master      "
"Build · Claude 3 7 Sonnet | high /effort                    /model │       • pacode 0.1.0-dev      "
"▸▸ ask before edits and commands                    10.7K · ctrl+p │                                "
